// Jest Snapshot v1, https://goo.gl/fbAQLP

exports[`renders a quiz properly 1`] = `
<div>
  <div
    class="quiz"
  >
    <p>
      Current score: 
      0
       pts 
      0
       question(s) correct
    </p>
    <ul
      class="questions"
    >
      <li
        class="current
              unanswered"
      >
        1
      </li>
      <li
        class="
              unanswered"
      >
        2
      </li>
      <li
        class="
              unanswered"
      >
        3
      </li>
      <li
        class="
              unanswered"
      >
        4
      </li>
      <li
        class="
              unanswered"
      >
        5
      </li>
      <li
        class="
              unanswered"
      >
        6
      </li>
    </ul>
    <button>
      &lt; Previous Question
    </button>
    <button>
      Next Question &gt;
    </button>
    <div
      class="question"
    >
      <span
        class="prompt"
      >
        In what state will you find...
      </span>
      <button>
        Reveal Another Clue
      </button>
      <span>
        1
         clues revealed
      </span>
      <ul
        class="clues"
      >
        <li>
          Ernest Hemingwayâ€™s Grave
        </li>
        <li>
          -----------
        </li>
        <li>
          -----------
        </li>
        <li>
          -----------
        </li>
      </ul>
      <label>
        Your Answer:
        <input
          value=""
        />
      </label>
      <button>
        Submit Guess
      </button>
    </div>
  </div>
</div>
`;
