// Jest Snapshot v1, https://goo.gl/fbAQLP

exports[`New Quiz component renders the new quiz form properly 1`] = `
<div>
  <form
    class="question"
  >
    <p>
      <label>
        Quiz Title
        <input
          type="text"
          value="States by Attraction"
        />
      </label>
    </p>
    <p>
      <label>
        Quiz Prompt
        <input
          type="text"
          value="in what state will you find..."
        />
         
      </label>
    </p>
    <button>
      Add Question
    </button>
    <div>
      <h3>
        Question 
        1
      </h3>
<<<<<<< HEAD
<<<<<<< HEAD
=======
       
      <button>
        X
      </button>
       
>>>>>>> WIP form
      <ul>
=======
      <button>
        X
      </button>
      <button>
        Add Clue
      </button>
      <ol>
>>>>>>> Added capability to update questions
        <li>
          <input
            data-index="0"
            type="text"
            value="Ernest Hemingway's Grave"
          />
          <button>
            X
          </button>
        </li>
        <li>
          <input
            data-index="1"
            type="text"
            value="The Smurf Turf"
          />
          <button>
            X
          </button>
        </li>
        <li>
          <input
            data-index="2"
            type="text"
            value="The Yellowstone Zone of Death"
          />
          <button>
            X
          </button>
        </li>
        <li>
          <input
            data-index="3"
            type="text"
            value="The <State> Potato Museum"
          />
          <button>
            X
          </button>
        </li>
      </ol>
      <label>
        Answer 
        <input
          type="text"
          value="Idaho"
        />
      </label>
    </div>
    <div>
      <h3>
        Question 
        2
      </h3>
<<<<<<< HEAD
<<<<<<< HEAD
=======
       
      <button>
        X
      </button>
       
>>>>>>> WIP form
      <ul>
=======
      <button>
        X
      </button>
      <button>
        Add Clue
      </button>
      <ol>
>>>>>>> Added capability to update questions
        <li>
          <input
            data-index="0"
            type="text"
            value="Weeki Wachee, the city of mermaids"
          />
          <button>
            X
          </button>
        </li>
        <li>
          <input
            data-index="1"
            type="text"
            value="The Ernest Hemingway Home and Museum"
          />
          <button>
            X
          </button>
        </li>
        <li>
          <input
            data-index="2"
            type="text"
            value="NASA Vehicle Assembly Building, a building so large it has its own weather"
          />
          <button>
            X
          </button>
        </li>
        <li>
          <input
            data-index="3"
            type="text"
            value="The Southernmost Point in the Continental US"
          />
          <button>
            X
          </button>
        </li>
      </ol>
      <label>
        Answer 
        <input
          type="text"
          value="Florida"
        />
      </label>
    </div>
    <div>
      <h3>
        Question 
        3
      </h3>
<<<<<<< HEAD
<<<<<<< HEAD
=======
       
      <button>
        X
      </button>
       
>>>>>>> WIP form
      <ul>
=======
      <button>
        X
      </button>
      <button>
        Add Clue
      </button>
      <ol>
>>>>>>> Added capability to update questions
        <li>
          <input
            data-index="0"
            type="text"
            value="World's Largest Collection of Smallest Versions of Largest Things"
          />
          <button>
            X
          </button>
        </li>
        <li>
          <input
            data-index="1"
            type="text"
            value="Monument Rocks"
          />
          <button>
            X
          </button>
        </li>
        <li>
          <input
            data-index="2"
            type="text"
            value="The Equality House, across the street from Westboro"
          />
          <button>
            X
          </button>
        </li>
        <li>
          <input
            data-index="3"
            type="text"
            value="Geographic Center of the Contiguous United States"
          />
          <button>
            X
          </button>
        </li>
      </ol>
      <label>
        Answer 
        <input
          type="text"
          value="Kansas"
        />
      </label>
    </div>
    <div>
      <h3>
        Question 
        4
      </h3>
<<<<<<< HEAD
<<<<<<< HEAD
=======
       
      <button>
        X
      </button>
       
>>>>>>> WIP form
      <ul>
=======
      <button>
        X
      </button>
      <button>
        Add Clue
      </button>
      <ol>
>>>>>>> Added capability to update questions
        <li>
          <input
            data-index="0"
            type="text"
            value="Mutter Museum of medical oddities"
          />
          <button>
            X
          </button>
        </li>
        <li>
          <input
            data-index="1"
            type="text"
            value="Fallingwater, designed by Frank Lloyd Wright"
          />
          <button>
            X
          </button>
        </li>
        <li>
          <input
            data-index="2"
            type="text"
            value="Gobbler's Knob, home of Punxsutawney Phil"
          />
          <button>
            X
          </button>
        </li>
        <li>
          <input
            data-index="3"
            type="text"
            value="The grave of Fred McFeely Rogers"
          />
          <button>
            X
          </button>
        </li>
      </ol>
      <label>
        Answer 
        <input
          type="text"
          value="Pennsylvania"
        />
      </label>
    </div>
    <div>
      <h3>
        Question 
        5
      </h3>
<<<<<<< HEAD
<<<<<<< HEAD
=======
       
      <button>
        X
      </button>
       
>>>>>>> WIP form
      <ul>
=======
      <button>
        X
      </button>
      <button>
        Add Clue
      </button>
      <ol>
>>>>>>> Added capability to update questions
        <li>
          <input
            data-index="0"
            type="text"
            value="Slocum Mechanical Puzzle Collection"
          />
          <button>
            X
          </button>
        </li>
        <li>
          <input
            data-index="1"
            type="text"
            value="Mentone Egg, A giant concrete egg marks this town as the \\"Egg Basket of the Midwest.\\""
          />
          <button>
            X
          </button>
        </li>
        <li>
          <input
            data-index="2"
            type="text"
            value="Kokomantis"
          />
          <button>
            X
          </button>
        </li>
        <li>
          <input
            data-index="3"
            type="text"
            value="Hoosier Hill"
          />
          <button>
            X
          </button>
        </li>
      </ol>
      <label>
        Answer 
        <input
          type="text"
          value="Indiana"
        />
      </label>
    </div>
    <div>
      <h3>
        Question 
        6
      </h3>
<<<<<<< HEAD
<<<<<<< HEAD
=======
       
      <button>
        X
      </button>
       
>>>>>>> WIP form
      <ul>
=======
      <button>
        X
      </button>
      <button>
        Add Clue
      </button>
      <ol>
>>>>>>> Added capability to update questions
        <li>
          <input
            data-index="0"
            type="text"
            value="USPS Remote Encoding Facility"
          />
          <button>
            X
          </button>
        </li>
        <li>
          <input
            data-index="1"
            type="text"
            value="Pando, 'The Trembling Giant', a massive grove of quaking aspen"
          />
          <button>
            X
          </button>
        </li>
        <li>
          <input
            data-index="2"
            type="text"
            value="The Spiral Jetty, a sculpture built onto a lake which is only visible during droughts"
          />
          <button>
            X
          </button>
        </li>
        <li>
          <input
            data-index="3"
            type="text"
            value="Bonneville Salt Flats/Speedway"
          />
          <button>
            X
          </button>
        </li>
      </ol>
      <label>
        Answer 
        <input
          type="text"
          value="Utah"
        />
      </label>
    </div>
    <div>
      <h3>
        Question 
        7
      </h3>
<<<<<<< HEAD
<<<<<<< HEAD
=======
       
      <button>
        X
      </button>
       
>>>>>>> WIP form
      <ul>
=======
      <button>
        X
      </button>
      <button>
        Add Clue
      </button>
      <ol>
>>>>>>> Added capability to update questions
        <li>
          <input
            data-index="0"
            type="text"
            value="The Very Large Array radiotelescope, outside of Socorro."
          />
          <button>
            X
          </button>
        </li>
        <li>
          <input
            data-index="1"
            type="text"
            value="Smokey Bear's Grave"
          />
          <button>
            X
          </button>
        </li>
        <li>
          <input
            data-index="2"
            type="text"
            value="Carlsbad Caverns"
          />
          <button>
            X
          </button>
        </li>
        <li>
          <input
            data-index="3"
            type="text"
            value="The International UFO Museum and Research Center"
          />
          <button>
            X
          </button>
        </li>
      </ol>
      <label>
        Answer 
        <input
          type="text"
          value="New Mexico"
        />
      </label>
    </div>
    <div>
      <h3>
        Question 
        8
      </h3>
<<<<<<< HEAD
<<<<<<< HEAD
=======
       
      <button>
        X
      </button>
       
>>>>>>> WIP form
      <ul>
=======
      <button>
        X
      </button>
      <button>
        Add Clue
      </button>
      <ol>
>>>>>>> Added capability to update questions
        <li>
          <input
            data-index="0"
            type="text"
            value="Vacuum Cleaner Museum"
          />
          <button>
            X
          </button>
        </li>
        <li>
          <input
            data-index="1"
            type="text"
            value="Vista House at Crown Point"
          />
          <button>
            X
          </button>
        </li>
        <li>
          <input
            data-index="2"
            type="text"
            value="Evergreen Aviation Museum, home of the Spruce Goose"
          />
          <button>
            X
          </button>
        </li>
        <li>
          <input
            data-index="3"
            type="text"
            value="International Rose Test Garden, in the City of Roses"
          />
          <button>
            X
          </button>
        </li>
      </ol>
      <label>
        Answer 
        <input
          type="text"
          value="Oregon"
        />
      </label>
    </div>
    <div>
      <h3>
        Question 
        9
      </h3>
<<<<<<< HEAD
<<<<<<< HEAD
=======
       
      <button>
        X
      </button>
       
>>>>>>> WIP form
      <ul>
=======
      <button>
        X
      </button>
      <button>
        Add Clue
      </button>
      <ol>
>>>>>>> Added capability to update questions
        <li>
          <input
            data-index="0"
            type="text"
            value="Rhea County Courthouse, site of the Scopes monkey trial"
          />
          <button>
            X
          </button>
        </li>
        <li>
          <input
            data-index="1"
            type="text"
            value="Concrete Parthenon, built for the 1897 Centennial Exposition"
          />
          <button>
            X
          </button>
        </li>
        <li>
          <input
            data-index="2"
            type="text"
            value="National Civil Rights Museum, established in the hotel where Dr Martin Luther King Jr was assassinated"
          />
          <button>
            X
          </button>
        </li>
        <li>
          <input
            data-index="3"
            type="text"
            value="Jack Daniels Distillery"
          />
          <button>
            X
          </button>
        </li>
      </ol>
      <label>
        Answer 
        <input
          type="text"
          value="Tennessee"
        />
      </label>
    </div>
    <div>
      <h3>
        Question 
        10
      </h3>
<<<<<<< HEAD
<<<<<<< HEAD
=======
       
      <button>
        X
      </button>
       
>>>>>>> WIP form
      <ul>
=======
      <button>
        X
      </button>
      <button>
        Add Clue
      </button>
      <ol>
>>>>>>> Added capability to update questions
        <li>
          <input
            data-index="0"
            type="text"
            value="Dr. Seuss House aka The Goose Creek Tower, a 185 foot tall log cabin"
          />
          <button>
            X
          </button>
        </li>
        <li>
          <input
            data-index="1"
            type="text"
            value="The giant metal chicken statue, outside the town of Chicken"
          />
          <button>
            X
          </button>
        </li>
        <li>
          <input
            data-index="2"
            type="text"
            value="St Michael's Cathedral, first Russian Orthodox Church in North America"
          />
          <button>
            X
          </button>
        </li>
        <li>
          <input
            data-index="3"
            type="text"
            value="Santa Claus House, in the town of North Pole"
          />
          <button>
            X
          </button>
        </li>
      </ol>
      <label>
        Answer 
        <input
          type="text"
          value="Alaska"
        />
      </label>
    </div>
    <div>
      <h3>
        Question 
        11
      </h3>
<<<<<<< HEAD
<<<<<<< HEAD
=======
       
      <button>
        X
      </button>
       
>>>>>>> WIP form
      <ul>
=======
      <button>
        X
      </button>
      <button>
        Add Clue
      </button>
      <ol>
>>>>>>> Added capability to update questions
        <li>
          <input
            data-index="0"
            type="text"
            value="Ape Cave, longest continuous lava tube in the continental US"
          />
          <button>
            X
          </button>
        </li>
        <li>
          <input
            data-index="1"
            type="text"
            value="Maryhill Museum and Stonehenge"
          />
          <button>
            X
          </button>
        </li>
        <li>
          <input
            data-index="2"
            type="text"
            value="Brown and Haley factory store, manufacturers of Almond Roca"
          />
          <button>
            X
          </button>
        </li>
        <li>
          <input
            data-index="3"
            type="text"
            value="Beacon Rock, one of the largest monoliths in the world"
          />
          <button>
            X
          </button>
        </li>
      </ol>
      <label>
        Answer 
        <input
          type="text"
          value="Washington"
        />
      </label>
    </div>
    <button>
      Submit New Quiz
    </button>
  </form>
</div>
`;
